原文:数据显示，双十一前半程，奥克斯在苏宁渠道销量增长超900%，在各平台遥遥领先nannan
事件:['奥克斯->销量增长超900%']
模型抽取词语:
显示	谓语
奥克斯	主语
销量增长超900%	宾语
------------------
原文:相关政府部门工作人员实地参观了和邦工业园，听取了公司董事长贺正刚的情况介绍，并与公司方进行了座谈nannannannannannannannan
事件:['相关政府部门工作人员->参观->和邦工业园', '与公司->进行->座谈']
模型抽取词语:
相关政府部门工作人员	主语
参观	谓语
和邦工业园	宾语
听取	谓语
与公司	主语
进行	谓语
座谈	宾语
------------------
原文:对此，业内人士指出，今年经济增速放缓以及整体的资金面宽松，理财产品可能延续走低的趋势nannannannannannan
事件:['业内人士->指出', '理财产品->延续->走低']
模型抽取词语:
业内人士	主语
指出	谓语
放缓	谓语
理财产品	主语
延续	谓语
走低	宾语
------------------
原文:二代身份证逐渐普及，眼看无法藏匿且所能从事的生意有限，陆某上山替别人养鸡谋生nannan
事件:['陆某->上山', '看无->藏匿']
模型抽取词语:
看无	谓语
藏匿	宾语
所能	谓语
陆某	主语
上山	谓语
------------------
原文:收款人负有全额返还的义务，如果协商无果，当事人可以以不当得利，向法院提出诉讼nannan
事件:['法院->提出诉', '收款人->负有->全额返还的义务', '事人->得利']
模型抽取词语:
收款人	主语
负有	谓语
全额返还的义务	宾语
事人	主语
得利	谓语
法院	主语
提出诉	谓语
------------------
原文:深陷舆论旋涡之际，趣店股价上演过山车行情，由上市首日大涨转为大跌，单日跌幅接近20%nannannannannannan
事件:['深陷->山车行情', '大跌->20%']
模型抽取词语:
深陷	谓语
山车行情	宾语
转	谓语
大跌	谓语
20%	宾语
------------------
原文:随着年龄的增加，虽然高风险投资比例不断下降，但你的可投总额也会增加，所以在不同年龄阶段，最终运用80定律计算出来的可用来投资高风险产品的资金有可能一致nannannannannan
事件:['高风险投资比例->下降', '你的可投总额->增加', '年龄->增加', '运用->80定律计算出来', '在->不同年龄阶段']
模型抽取词语:
年龄	主语
增加	谓语
高风险投资比例	主语
下降	谓语
你的可投总额	主语
增加	谓语
在	谓语
不同年龄阶段	宾语
运用	谓语
80定律计算出来	宾语
有	谓语
------------------
原文:而日前新线索电影又刚刚签下悬疑推理IP《尸案调查科第二季》，为其战略IP布局再添重码nannannannannannan
事件:['刚刚->推理->IP', '《尸案->调查->科第二季》']
模型抽取词语:
刚刚	主语
推理	谓语
IP	宾语
《尸案	主语
调查	谓语
科第二季》	宾语
战略IP布局	主语
------------------
原文:有米玩打出了首充号全网最低的永久4折，后续持续7折续充，绝对的实惠与福利，给有米玩带来的是用户快速攀升nannannannannan
事件:['7->是']
模型抽取词语:
打出	谓语
7	主语
是	谓语
攀升	谓语
------------------
原文:欧洲数千年的战争正好切断了马尔萨斯陷阱的致命一环，从而为人均收入的持续增长提供了重要的推动力nannan
事件:['欧洲数千年的战争->马尔萨斯陷阱', '致命->一环', '人均收入->增长', '提供->重要的推动力']
模型抽取词语:
欧洲数千年的战争	主语
马尔萨斯陷阱	宾语
致命	主语
一环	谓语
人均收入	主语
增长	谓语
提供	谓语
重要的推动力	宾语
------------------
原文:研究欧洲历史的学者认为战争为推动欧洲国家能力的形成提供了核心动力nannannannannannannannan
事件:['欧洲国家能力->形成', '战争->为', '欧洲历史的学者->认为', '提供->核心动力']
模型抽取词语:
欧洲历史的学者	主语
认为	谓语
战争	主语
为	谓语
欧洲国家能力	主语
形成	谓语
提供	谓语
核心动力	宾语
------------------
原文:个人社交需求是基于用户本身出于获取知识信息目的或者维护社会关系需求而发生，作为几乎不受任何限制的网络社交空间，用户的社交行为早期爆发始于用户对自身内心的压抑等情感的发泄或释放，因内心释压需求社交行为自然发生nan
事件:['用户的社交行->用户对自身内心的压抑', '社会关系需求->发生', '自然->发生']
模型抽取词语:
是	谓语
出于	谓语
获取	谓语
社会关系需求	主语
发生	谓语
用户的社交行	主语
用户对自身内心的压抑	宾语
自然	主语
发生	谓语
------------------
原文:只从收益来看，如果是短期周转资金的投资，可根据近期的7日年化收益率或静态年化收益率，选择短期收益较高的产品，双节期间就可以这样操作；如果资金量较大、配置时间较长，可选择过往几年业绩表现较为稳定的基金nannannannannan
事件:['以->这样操作', '资金->长', '选择->短期收益', '是->短期周转资金的投资', '选择->过往']
模型抽取词语:
是	谓语
短期周转资金的投资	宾语
根据	谓语
静态	谓语
选择	谓语
短期收益	宾语
以	谓语
这样操作	宾语
资金	主语
长	谓语
选择	谓语
过往	宾语
表现	谓语
------------------
原文:获知上述通告，在外备受煎熬的陆某于10月5日晚包车回到柳州nannannan
事件:['获->上述通告', '陆某->回到->柳州']
模型抽取词语:
获	谓语
上述通告	宾语
陆某	主语
回到	谓语
柳州	宾语
------------------
原文:4月26日，黄致列在中国首发新单曲《没有你活不下去》，得到了各界人士的关注，迅速成为QQ音乐打榜推荐的歌曲nannannan
事件:['没有->你活不下去》']
模型抽取词语:
没有	谓语
你活不下去》	宾语
得到	谓语
各界人士	主语
------------------
原文:泰和泰（北京）律师事务所高级合伙人刘汝忠律师表示，促销设计本质上是以较小的折扣，增加消费者的参与度，达到不损失过多利益的情况下增加交易量nannannannan
事件:['增加->消费者的参与度', '达到->不损->多利益', '是->以较小的折扣', '促销->设计本质', '人刘汝忠律师->表示']
模型抽取词语:
人刘汝忠律师	主语
表示	谓语
促销	谓语
设计本质	宾语
是	谓语
以较小的折扣	宾语
增加	主语
消费者的参与度	宾语
达到	谓语
不损	宾语
多利益	宾语
下增	谓语
------------------
原文:返利网也跳脱开了传统单一的返利模式，而是通过大数据精准营销手段，为商家提供多维度的服务nannannannannan
事件:['商家->提供->多维度的服务', '通过->大数据精准营销手段', '返利网->脱开->传统单一的返利模式']
模型抽取词语:
返利网	主语
脱开	谓语
传统单一的返利模式	宾语
是	谓语
通过	谓语
大数据精准营销手段	宾语
商家	主语
提供	谓语
多维度的服务	宾语
------------------
原文:实际上，在工业革命发生之前，欧洲就是世界上城市化率最高的地区之一，我们熟悉的佛罗伦萨、威尼斯、伦敦、安特卫普等城市，自中世纪以来就是欧洲重要的城市中心，然而直到一千年前，欧洲城市化率不到4%，甚至在罗马帝国治下，城市化率也仅5-10%nannannan
事件:['欧洲城市化率->不到->4%', '欧洲->是->世界上城市化率最高的地区之一', '工业革命->发生', '是->欧洲重要的城市中心', '城市化率->-->10%', '自中世纪->以']
模型抽取词语:
工业革命	主语
发生	谓语
欧洲	主语
是	谓语
世界上城市化率最高的地区之一	宾语
自中世纪	主语
以	谓语
是	谓语
欧洲重要的城市中心	宾语
欧洲城市化率	主语
不到	谓语
4%	宾语
城市化率	主语
-	谓语
10%	宾语
------------------
原文:作为我国多层次资本市场的“塔基”部分，新三板以及区域性股权交易市场(俗称“四板”市场)正在得到重视，在两大层次市场不断规范并实现企业数量和融资快速扩容的同时，其市场地位和法律地位有望得以巩固nan
事件:['得到->重视', '市场->企业数量和融资->扩容']
模型抽取词语:
为	谓语
股权	谓语
得到	谓语
重视	宾语
在	谓语
市场	主语
企业数量和融资	主语
扩容	谓语
法律地位	主语
------------------
原文:当下市场受到影视公司和资本看好的漫画题材主要分为两类：首先，从用户的角度出发，就是以校园青春、纯爱、热血为主题的，受众群是最大的nannannannannannannannan
事件:['是->以校园青春、纯爱、热血为主题的', '漫画题材->分为->两类', '受众群->是']
模型抽取词语:
受到	谓语
漫画题材	主语
分为	谓语
两类	宾语
用	谓语
出发	谓语
是	谓语
以校园青春、纯爱、热血为主题的	宾语
受众群	主语
是	谓语
------------------
原文:与此同时，大部分基金子公司的专户规模都在连续缩水，这无疑跟2016年底监管机构发布的《基金管理公司子公司管理规定》《基金管理公司特定客户资产管理子公司风险控制指标管理暂行规定》等监管加码有关nan
事件:['监管机构->发布']
模型抽取词语:
在	谓语
连	谓语
缩水	谓语
无	谓语
监管机构	主语
发布	谓语
控	谓语
------------------
原文:随着央行连续降息的影响基本释放完毕，该行在上半年生息资产规模增长的带动下，利息净收入恢复正增长，手续费及佣金净收入较去年同期正增长nannannannannannannan
事件:['央行连续降息->完毕', '恢复->正增长', '该行->增长']
模型抽取词语:
央行连续降息	主语
完毕	谓语
该行	主语
增长	谓语
带动	谓语
恢复	谓语
正增长	宾语
增长	谓语
------------------
原文:在互联网领域，以BAT（百度、阿里巴巴、腾讯）为代表的中国科技企业在美也频频投资布局，并逐步从以往的跟风创新向引领产业创新转变nan
事件:['中国科技企业->创新']
模型抽取词语:
以	谓语
中国科技企业	主语
创新	谓语
------------------
原文:但实际上，消费者需要提前花１元来购买这１００元的优惠券，不仅有使用期限，而且一旦付款不退不换nannan
事件:['消费者->买', '不仅有->使用期限']
模型抽取词语:
消费者	主语
买	谓语
不仅有	谓语
使用期限	宾语
付款	谓语
------------------
原文:2016年，棋牌类移动游戏用户DAU/MAU值均明显高于其他类别的游戏，排名第一，用户的7日留存率也明显超越其他类别游戏，排名第一nannannannannannannan
事件:['用户->存率->其他类别游戏', '棋牌类移动游戏用户DA->/MAU值', '高于->其他类别的游戏']
模型抽取词语:
棋牌类移动游戏用户DA	主语
/MAU值	宾语
高于	谓语
其他类别的游戏	宾语
用户	主语
存率	主语
其他类别游戏	宾语
------------------
原文:作为一家纯线上的创新型互联网银行，微众银行没有营业网点和柜面人员，为解决客户身份认证、客户服务等问题，微众银行在依法合规的前提下，将人工智能、生物识别技术应用到远程客户身份认证、智能客户服务等领域，构建了具有微众银行特色的创新产品服务nannannan
事件:['解决->客户身份认证、客户服务等问题', '微众银行->依法', '微众银行->没有', '有->微众银行特色的创新产品服务']
模型抽取词语:
一家纯线上的创新型互联网银行	宾语
微众银行	主语
没有	谓语
解决	谓语
客户身份认证、客户服务等问题	宾语
微众银行	主语
依法	谓语
合规	谓语
提下	谓语
构建	谓语
有	谓语
微众银行特色的创新产品服务	宾语
------------------
原文:确认情报真实性并再次侦察后，俄空天军出动苏—34和苏—35战机，用炸弹精确摧毁这个指挥所，炸死大约40名“伊斯兰国”武装人员nannan
事件:['精确->摧毁->这个指挥', '俄空天军->出动']
模型抽取词语:
侦察	谓语
俄空天军	主语
出动	谓语
精确	主语
摧毁	谓语
这个指挥	宾语
------------------
原文:据介绍，2020年之前延庆将建成“一条高铁三条高速”的交通网络，彻底解决交通瓶颈，真正实现与北京城区以及张家口赛区的四通八达，交通便捷，形成交通、生态、产业一体化格局nannannannannan
事件:['延庆->建成->“一条高铁三条高速”的交通网络', '形成->交通、生态、产业一体化格局', '彻底->实现', '与北京城区->以']
模型抽取词语:
介绍	谓语
延庆	主语
建成	谓语
“一条高铁三条高速”的交通网络	宾语
彻底	主语
实现	谓语
与北京城区	主语
以	谓语
交通	谓语
便捷	谓语
形成	谓语
交通、生态、产业一体化格局	宾语
------------------
原文:但强调去中介化的互联网保险崛起，对保险中介而言无疑是重大打击，潜在问题逐一暴露，转型升级迫在眉睫nannannannannannannannan
事件:['潜在问题->暴露', '是->重大打击', '强调->介化']
模型抽取词语:
强调	主语
介化	谓语
崛起	谓语
言无	谓语
是	谓语
重大打击	宾语
潜在问题	主语
暴露	谓语
------------------
原文:虎牙直播将组织《街霸当家》6名主播前往广州陌生的繁华商圈，接受智力和体力的考验，以职业体验挑战自我，为了的是通过直播让更多的人关注外卖骑手送餐的坚辛，多一分感谢少一分刁难，每一个用心工作的劳动者都值得被尊重nan
事件:['接受->智力和体力的考验', '是->通过直播', '动者->值', '多->一分刁难', '主播->前往']
模型抽取词语:
组织	谓语
主播	主语
前往	谓语
接受	谓语
智力和体力的考验	宾语
以	谓语
是	谓语
通过直播	宾语
多	谓语
一分刁难	宾语
动者	主语
值	谓语
被	谓语
------------------
原文:微众银行于2015年5月推出的“微粒贷”，该产品“申请便捷，资金到账快，周转灵活”，解决了传统信贷贷款难、周期长、范围窄的诸多痛点，受到普罗大众的追捧，覆盖了来自制造业、贸易业、物流业等行业的从业人员，有效对接80%长尾用户的金融需求nannannan
事件:['该产品->便捷', '资金->快', '微众银行->推出->“微粒贷”', '解决->诸多痛点', '受到->普罗大众的追捧', '覆->来自制造业、贸易业、物流业等行业的从业人员']
模型抽取词语:
微众银行	主语
推出	谓语
“微粒贷”	宾语
该产品	主语
便捷	谓语
资金	主语
快	谓语
转	谓语
解决	谓语
诸多痛点	宾语
受到	谓语
普罗大众的追捧	宾语
覆	谓语
来自制造业、贸易业、物流业等行业的从业人员	宾语
有效	谓语
------------------
原文:购买之前的完全信息，购买渠道提供的线下体验或在线解答，购买之后的在线售后，这些能够形成一个安全有效的链条时，奢侈品+互联网就形成了一个简易的生态链nannannannannannannan
事件:['购买之后的->形成', '购买->之前的完全信息', '奢侈品+互联网->形成', '渠道->提供']
模型抽取词语:
购买	谓语
之前的完全信息	宾语
渠道	主语
提供	谓语
购买之后的	主语
形成	谓语
奢侈品+互联网	主语
形成	谓语
------------------
原文:为了保障这些生鲜商品的新鲜安全与快速供应，沃尔玛在全国各地开设了11个拥有完善管理和领先物流系统的生鲜配送中心nan
事件:['沃尔玛->开设']
模型抽取词语:
保障	谓语
沃尔玛	主语
开设	谓语
有	谓语
------------------
原文:根据调查，当一个人对一个活动的参与度越高时，记忆越是深刻nannannannan
事件:['记忆->是']
模型抽取词语:
调查	谓语
高	谓语
记忆	主语
是	谓语
------------------
原文:但在全行业快速增长多年之后，中国网游已现增速放缓迹象nannannannannannan
事件:['中国网游->放缓']
模型抽取词语:
中国网游	主语
放缓	谓语
------------------
原文:目前P2P网贷平台都在争相与之合作，p2p返利平台的运营变得相当轻松nannannannannannan
事件:['P2P网贷平台->在']
模型抽取词语:
P2P网贷平台	主语
在	谓语
争	谓语
变得	谓语
------------------
原文:这些数据表明，近年来商业银行资产组合中的潜在风险尚未释放完毕，不良贷款仍有一定的增长空间nannannannan
事件:['有->一定的增长空间', '在风险->未释放']
模型抽取词语:
表明	谓语
组合	谓语
在风险	主语
未释放	谓语
完毕	谓语
有	谓语
一定的增长空间	宾语
------------------
原文:尤其高山滑雪项目被称为“冬奥会皇冠上的明珠”，承载着我国人民对国际奥林匹克精神的追求，赛后推动我国大众冰雪运动、实现“三亿人参与冰雪运动”计划具有重要意义nannannan
事件:['被->“冬奥会皇冠上的明珠”', '承载->我国人民对国际奥林匹克精神的追求']
模型抽取词语:
被	谓语
“冬奥会皇冠上的明珠”	宾语
承载	谓语
我国人民对国际奥林匹克精神的追求	宾语
推动	谓语
运动	谓语
实现	谓语
有	谓语
------------------
原文:对于盗版问题，扬讯科技公开发布声明，为了净化行业风气，将坚决配合奥特曼版权方打击盗版，不排除使用法律武器nannannannan
事件:['对于->问题->配合']
模型抽取词语:
对于	谓语
问题	宾语
配合	宾语
奥特曼版权	宾语
法律	主语
------------------
原文:该楼盘营售工作人员告诉记者，如果购房人签订购房协议，无论是一次性付款还是按揭贷款，都可享受购房返利的“理财计划”，该理财计划由楼盘和银行合作开发，连续5年按每年以总房款的8%返利，由银行直接打入个人账户nannannan
事件:['工作人员->告诉->记者', '享受->房返利的“理财计划”', '该理财计划->开发', '银行->打入->个人账户', '是->按揭贷款', '无论->是->一次性付款', '购房人->签订->购房协议']
模型抽取词语:
工作人员	主语
告诉	谓语
记者	宾语
购房人	主语
签订	谓语
购房协议	宾语
无论	主语
是	谓语
一次性付款	宾语
是	谓语
按揭贷款	宾语
享受	谓语
房返利的“理财计划”	宾语
该理财计划	主语
开发	谓语
银行	主语
打入	谓语
个人账户	宾语
------------------
原文:此次熊猫TV直播Tara的活动是泛娱乐战略的“起步之作”，背后围绕着产业上下链的一次连通，是未来泛娱乐商业雏形尝试，对刚上线的熊猫TV带来几层重要的价值nannannannan
事件:['是->泛娱乐战略的“起步之作”->产业上下链的一次连通', '是->未来泛娱乐商业->几层重']
模型抽取词语:
是	谓语
泛娱乐战略的“起步之作”	宾语
产业上下链的一次连通	宾语
是	谓语
未来泛娱乐商业	宾语
几层重	宾语
------------------
原文:但现实的情况是，每个人都活在自己的舞台上，每个舞台都距离非常遥远nannannannannannannannan
事件:['每个人->离']
模型抽取词语:
现实的情况	主语
每个人	主语
离	谓语
遥远	谓语
------------------
原文:然而，补贴不是无限，“断奶”之后，商户该何去何从?钱包生活要做的是真正“授渔”商户，开启全新“养鱼”模式，重建可持续发展的商户和消费者的互动生态nannannannannannannannan
事件:['商户->该何去何->做', '是->无限', '是->真正“授渔”商户', '开启->全新“养鱼”模式']
模型抽取词语:
是	谓语
无限	宾语
商户	主语
该何去何	主语
做	谓语
是	谓语
真正“授渔”商户	宾语
开启	谓语
全新“养鱼”模式	宾语
发展	谓语
------------------
原文:要维持一家银行的持续发展，需要长期的资本投入和补充，监管部门对主发起人有更多的要求可以理解nannannan
事件:['监管部门->人->有->更多的要求']
模型抽取词语:
一家银行的持续发展	宾语
长期的资本投入和补充	宾语
监管部门	主语
人	主语
有	谓语
更多的要求	宾语
以	谓语
------------------
原文:脉脉在国内职场社交领域做了诸多有益尝试，积累了丰富的用户行为数据nannannannannannannannan
事件:['积累->丰富的用户行为', '脉脉->做->诸多有益尝试']
模型抽取词语:
脉脉	主语
做	谓语
诸多有益尝试	宾语
积累	谓语
丰富的用户行为	宾语
------------------
原文:战争需要欧洲各国有充分的资源动员能力，这种资源汲取能力的建立，即征税体系的建立，本身也是国家能力的重要组成部分，也就是说，战争促进了欧洲各国更高效地汲取资源，因此促进了其国家能力的提高nannannannan
事件:['欧洲各国->有->充分的资源动员能力', '这种资源->汲取->能力', '本身->是->国家能力的重要组成部分', '战争->促进->欧洲各国更高效地汲取资源', '促进->其国家能力的提高']
模型抽取词语:
战争	主语
欧洲各国	主语
有	谓语
充分的资源动员能力	宾语
这种资源	主语
汲取	谓语
能力	宾语
建立	谓语
本身	主语
是	谓语
国家能力的重要组成部分	宾语
是	谓语
战争	主语
促进	谓语
欧洲各国更高效地汲取资源	宾语
促进	谓语
其国家能力的提高	宾语
------------------
原文:兴业证券分析师郑可一表示，内存涨价，大幅增加了国产智能手机的成本，特别是存储器成本占比相对较高的中低端智能手机因此提价已成必然nan
事件:['相对->高', '存涨->价，', '增加->国产智能手机的成本']
模型抽取词语:
表示	谓语
存涨	谓语
价，	宾语
增加	谓语
国产智能手机的成本	宾语
是	谓语
相对	主语
高	谓语
智能手机	主语
提价	主语
------------------
原文:所以银行推出免费服务，也是借此吸引更多客户使用手机银行，让手机银行服务快速推广nan
事件:['吸引->更多客户使用手机银行', '手机银行服务->推广']
模型抽取词语:
推出	谓语
吸引	谓语
更多客户使用手机银行	宾语
手机银行服务	主语
推广	谓语
------------------
原文:想要降低投资风险就得从上面三个方面入手，作为投资者最有效的措施就是学会理性投资nan
事件:['投资风险->作为']
模型抽取词语:
投资风险	主语
作为	谓语
是	谓语
------------------
原文:这种趋势变化不仅印证了中国经济转型升级的变化，更成为全球产业新变局的催化剂nannannan
事件:['这种趋势变化->成为->全球产业新变局的催化']
模型抽取词语:
这种趋势变化	主语
成为	谓语
全球产业新变局的催化	宾语
------------------
原文:在中国科幻正走向大众、产业化、国际化的新时代，为进一步发挥科幻产业资源优势，促进科技与文化的繁荣发展，成都将致力于推动科幻文创产业与巴蜀文化的融合发展，努力推动社会主义文化的繁荣昌盛nannannannannan
事件:['推动->社会', '促进->科技与文化的繁荣发展', '发挥->科幻产业资源优势']
模型抽取词语:
走向	谓语
发挥	谓语
科幻产业资源优势	宾语
促进	谓语
科技与文化的繁荣发展	宾语
推动	谓语
推动	谓语
社会	宾语
------------------
原文:激活账户，也就是购买积分，在微客谷平台上买卖、兑换、增值，全部以积分形式而非现金形式nannannannannannan
事件:['是->购买积分']
模型抽取词语:
激活账户	宾语
是	谓语
购买积分	宾语
积	谓语
非现	谓语
------------------
原文:除非人们采取某种节育措施，（这在前现代社会是比较困难的）否则当人口出现大量过剩，对有限资源的争夺将引发战争、瘟疫与饥荒等天灾人祸，这些灾祸使得人口锐减，人类社会又进入了一个新的循环周期nannannannan
事件:['代社会->是->人->大量过剩', '采取->某种节育措施', '人口->人类社会->进入->一个新的循环']
模型抽取词语:
采取	谓语
某种节育措施	宾语
代社会	主语
是	谓语
人	宾语
大量过剩	宾语
争夺	谓语
引发	谓语
灾祸	主语
人口	主语
人类社会	主语
进入	谓语
一个新的循环	宾语
------------------
原文:陆某在胡某朋友的介绍下，离开丽江，前往荆州以伍某某的名义开办一家物流公司nannannannan
事件:['伍->某某的名义', '办->一家物流公司', '陆某->某朋友的介绍']
模型抽取词语:
陆某	主语
某朋友的介绍	宾语
伍	谓语
某某的名义	宾语
开	谓语
办	谓语
一家物流公司	宾语
------------------
原文:生鲜商品一向是消费者购买频次最高的品类，沃尔玛和京东到家正通过合作，加强在这一领域的服务能力，形成从上游农产品生产到消费者餐桌的全程冷链无缝对接nannannannannannannannan
事件:['沃尔玛和京东到家->合作', '在->这一领域的服务能力', '生鲜商品->是']
模型抽取词语:
生鲜商品	主语
是	谓语
购买	谓语
沃尔玛和京东到家	主语
合作	谓语
在	谓语
这一领域的服务能力	宾语
形成	谓语
------------------
原文:记者以咨询网约车投保事项的名义，拨打了多家保险公司的电话nannannannan
事件:['记者->咨询->投保事项的名义', '拨打->多家保险公司的电话']
模型抽取词语:
记者	主语
咨询	谓语
投保事项的名义	宾语
拨打	谓语
多家保险公司的电话	宾语
------------------
原文:但随着实体经济结构性调整和制造业的转型发展，制造业等实体经济企业发展面临一定挑战，部分企业风险逐步暴露nannannannannan
事件:['发展->一定挑战', '部分企业风险->暴露']
模型抽取词语:
制造	谓语
发展	谓语
一定挑战	宾语
部分企业风险	主语
暴露	谓语
------------------
原文:近日，互联网金融公司趣店集团在美国纽交所上市，股价开盘便大涨，市值一度突破百亿美元，紧随趣店步伐，和信贷、拍拍贷、融360旗下简普科技也纷纷向美国证券交易委员会递交IPO招书nan
事件:['股价->大涨', '市值->突破->百亿美元->随趣店步伐']
模型抽取词语:
互联网金融公司趣店集团	主语
股价	主语
大涨	谓语
市值	主语
突破	谓语
百亿美元	宾语
随趣店步伐	宾语
简普	谓语
向	谓语
委员	主语
------------------
原文:开放式基金可以频繁申购、赎回，是导致“股票基金赚钱了、基民却没赚到钱”的主要原因nannannannannannannannan
事件:['没赚->钱”的主要原因']
模型抽取词语:
赚钱	谓语
没赚	谓语
钱”的主要原因	宾语
------------------
原文:其增长点主要有二，一是国产科幻网剧逐渐开始找到自己的生存和盈利模式，二是科幻电影在引进和国产两方面都有所表现nannan
事件:['增长点->有', '找到->自己的生存和盈利模式']
模型抽取词语:
增长点	主语
有	谓语
是	谓语
找到	谓语
自己的生存和盈利模式	宾语
有	谓语
------------------
原文:买车这件事，主要看个人偏好：如果短时间（三年）内准备再换车，那么可以选残值率较高的德系；如果注重油耗和使用成本，那么买日系车准没错；要是好面子，美系车能够满足你的需求；讲究性价比又不是处女座，那自主品牌应该是最适合你的nannannan
事件:['不是->处女座，那自主品牌', '注重->油耗和使用成本', '满足->你的需求']
模型抽取词语:
车这件事	宾语
以	谓语
注重	谓语
油耗和使用成本	宾语
没错	谓语
是	谓语
满足	谓语
你的需求	宾语
不是	谓语
处女座，那自主品牌	宾语
是	谓语
------------------
原文:作为钻石级商务合作伙伴及官方视频合作媒体，爱奇艺将全网独家直播北京国际电影节开闭幕式及红毯、重磅论坛等一系列活动，并与北京国际电影节再度携手合作推出“在线影展”，展出近百部全球热门佳片，与线下展映影片相呼应，打造线上线下互动的电影狂欢盛宴nan
事件:['爱奇艺->直播', '打造->线上线下互动的电影狂欢盛', '展出->近百部全球热门佳片', '与北京国际电影节->合作', '推出->“在线影展”']
模型抽取词语:
钻石级商务合作伙伴	宾语
爱奇艺	主语
直播	谓语
与北京国际电影节	主语
合作	谓语
推出	谓语
“在线影展”	宾语
展出	谓语
近百部全球热门佳片	宾语
呼应	谓语
打造	谓语
线上线下互动的电影狂欢盛	宾语
------------------
原文:俄罗斯政府正在考虑成立一个专门支持国防工业的银行，以降低现有银行受到美国制裁的风险nannannannannannannan
事件:['俄罗斯政府->成立->一个专门支持国防工业的银行']
模型抽取词语:
俄罗斯政府	主语
成立	谓语
一个专门支持国防工业的银行	宾语
受到	谓语
------------------
原文:这种业务模式的优势是符合小额分散的特性，更容易合规;劣势是在社会征信机制不完善的前提下，消费金融的逾期率还是很高的nannannannannannannan
事件:['这种业务模式的优势->是->符合小额分散的特性', '征信机制->消费金融的逾期率->是']
模型抽取词语:
这种业务模式的优势	主语
是	谓语
符合小额分散的特性	宾语
合规	主语
征信机制	主语
消费金融的逾期率	主语
是	谓语
------------------
原文:同时，对比策略类和角色扮演类等游戏的重度属性，棋牌类属于拥有较长生命周期的轻度游戏，没有较明显的周期，用户粘性也相对较高nannannannan
事件:['没有->较明显的周期', '用户粘性->高']
模型抽取词语:
类等游戏的重度属性	宾语
较长生命周期的轻度游戏	宾语
没有	主语
较明显的周期	宾语
用户粘性	主语
高	谓语
------------------
原文:微供将引入诚意赊工具，在核身的基础上，向社交电商从业者提供进货贷款，最高可达100万，整个市场将在今年投放8亿元人民币nannannannannan
事件:['达->100万', '提供->进货贷款', '在->核身的基础上']
模型抽取词语:
引入	谓语
在	谓语
核身的基础上	宾语
提供	谓语
进货贷款	宾语
达	谓语
100万	宾语
整个市场	主语
------------------
原文:在近日的巴黎游戏周上索尼大放异彩，而在日本的大阪卡普空也为新作《怪物猎人世界》举办了试玩会，连续曝光了这款游戏的许多情报和试玩演示nannannannannannannan
事件:['曝光->这款游戏的许多情报和试玩演']
模型抽取词语:
异彩	谓语
举办	谓语
曝光	谓语
这款游戏的许多情报和试玩演	宾语
------------------
原文:经过调查今天医生认为小辉是因为病毒性心肌炎导致猝死，目前当地政府和学校已介入处理善后nannannannannannan
事件:['猝死->介入->善后']
模型抽取词语:
猝死	主语
介入	谓语
善后	宾语
------------------
原文:由于国内第三方征信机制仍不完善，拍拍贷风控存在先天的不足，所以散标逾期率很高nannan
事件:['拍拍贷风->散标逾期率->高']
模型抽取词语:
完善	谓语
拍拍贷风	主语
散标逾期率	主语
高	谓语
------------------
原文:中国水泥行业大幅下滑是该公司违约以及受到债权人起诉的原因所在nannan
事件:['中国水泥行业->下滑', '是->该公司违约以及受到债权人']
模型抽取词语:
中国水泥行业	主语
下滑	谓语
是	谓语
该公司违约以及受到债权人	宾语
起诉	谓语
------------------
原文:拥有实体店和电子商务网站的零售商在未来可能有优势，因为49%的购物者在购买之前仍然希望亲自看产品nannannannannannannannan
事件:['拥有->实体店和电子商务网站的零售商', '在->优势', '购物者->亲自']
模型抽取词语:
拥有	谓语
实体店和电子商务网站的零售商	宾语
在	谓语
优势	宾语
购物者	主语
亲自	谓语
------------------
原文:在业内人士看来，发行封闭型产品可以减少投资者短期化、交易化的行为，从而避免其频繁进出损耗掉真实的投资收益nannannannan
事件:['减少->投资者短', '出损->耗掉']
模型抽取词语:
发行	谓语
减少	谓语
投资者短	宾语
出损	谓语
耗掉	宾语
------------------
原文:往年的“双十一”，只需把喜欢的商品提前放入购物车，等到当天迅速下单、支付即可，但今年，各类新型促销活动让不少消费者“懵圈”nannannan
事件:['提前放->购物车', '支付->活动->消费']
模型抽取词语:
提前放	谓语
购物车	宾语
支付	谓语
活动	宾语
消费	宾语
------------------
原文:最早一批的漫画都是以出版物方式进行连载，通过周更和月更长期吸引住用户nannannannannannan
事件:['版物方式->连载', '漫画->是']
模型抽取词语:
漫画	主语
是	谓语
版物方式	主语
连载	谓语
吸引	谓语
------------------
原文:而净利增速第一的广州农商行将原“营业税金及附加”改为“税金及附加”后，上半年该科目的税费金额较去年同期大幅减少逾80%至0.8亿元，对净利润的正增长也做出了正面贡献nannannannannannan
事件:['改为->“税金及附加”', '同期大幅->减少->逾80%至0.8亿元', '对净利润->做->正面贡']
模型抽取词语:
第一的广州	宾语
改为	谓语
“税金及附加”	宾语
上半	谓语
去	谓语
同期大幅	主语
减少	谓语
逾80%至0.8亿元	宾语
对净利润	主语
做	谓语
正面贡	宾语
------------------
原文:在贷款损失准备金持续增加和行业不良贷款运行趋势企稳的情况下，贷款损失准备金余额增速继续明显高于不良贷款增速，推动拨备覆盖率较年初增加3.99个百分点至180.39%，贷款拨备率也较年初提升5个基点至3.13%，风险抵补能力继续增加nannannannannan
事件:['贷款拨备率->提升->5个基点->3.13%', '增加->3.99个百分->180.39%', '贷款损失准->增加', '贷款损失准备金余额->高于']
模型抽取词语:
贷款损失准	主语
增加	谓语
贷款损失准备金余额	主语
高于	谓语
增加	谓语
3.99个百分	宾语
180.39%	宾语
贷款拨备率	主语
提升	谓语
5个基点	宾语
3.13%	宾语
风险	主语
------------------
原文:济南市民张璐说，“优惠券本来是一种优惠，却要花钱买，虽然钱不多但觉得不舒服nannannan
事件:['优惠券->是->一种优惠', '觉得->不舒服']
模型抽取词语:
优惠券	主语
是	谓语
一种优惠	宾语
花钱	谓语
觉得	谓语
不舒服	宾语
------------------
原文:为了适当平衡成本和可持续发展，将对业务规则做出调整nannannannannannannan
事件:['对业务规->做']
模型抽取词语:
对业务规	主语
做	谓语
------------------
原文:2016年成立的Spoke开发的Slack内置聊天机器人可以回应雇员的问题，处理企业内员工知识信息沟通传达问题nan
事件:['天机->回应->雇员的问题', '处理企业内员->知识->信息', 'Spoke->开发']
模型抽取词语:
Spoke	主语
开发	谓语
天机	主语
回应	谓语
雇员的问题	宾语
处理企业内员	主语
知识	谓语
信息	宾语
------------------
原文:10月24日发行的中欧恒利三年定开基金1天销售74亿元，提前结束募集nannannannannannan
事件:['开->74亿元', '提前->结束募集']
模型抽取词语:
开	谓语
74亿元	宾语
提前	谓语
结束募集	宾语
------------------
原文:2015年4月20日，原告近亲属王某某在被告保险公司处购买个人人身意外伤害保险等保险产品，并指定本案原告为受益人nannannannannannannannan
事件:['王某某->被', '指定->本案原告为', '伤->保险等保险产品']
模型抽取词语:
王某某	主语
被	谓语
伤	谓语
保险等保险产品	宾语
指定	谓语
本案原告为	宾语
------------------
原文:很多基金公司为了防止套利资金集中大量流入摊薄老持有人利益，货币基金通常在节假日前“闭门谢客”，投资者应关注基金公司公告，提前做好申购nannannannannannan
事件:['投资者->关注->基金公司公告', '货币基金->日->“闭门谢客”', '止套->流入', '有->人利益']
模型抽取词语:
很多基金公司	主语
止套	主语
流入	谓语
有	谓语
人利益	宾语
货币基金	主语
日	谓语
“闭门谢客”	宾语
投资者	主语
关注	谓语
基金公司公告	宾语
做	谓语
------------------
原文:2010年，为了淘汰落后产能，和邦股份把重庆碱胺和乐天化的股权分别进行处置nannannan
事件:['和邦股->进行', '落后->产能']
模型抽取词语:
落后	谓语
产能	宾语
和邦股	主语
进行	谓语
处置	谓语
------------------
原文:木缘鸿举办的蓝珀专场，提供的都是精品墨西哥蓝珀文玩，从材质到色泽都是非常有价值的，而且墨西哥蓝珀的出产量越来越低，但是市场的需求量却越来越高，很多客户就是看中了它的价值空间，所以此次活动一推出就受到了热烈好评nannannannannannannannan
事件:['很多客户->是', '是->非常有价值', '受到->热烈好评', '市场的需求量->高', '墨西哥蓝珀的出产量->低', '提供->是']
模型抽取词语:
提供	主语
是	谓语
是	谓语
非常有价值	宾语
墨西哥蓝珀的出产量	主语
低	谓语
市场的需求量	主语
高	谓语
很多客户	主语
是	谓语
看中	谓语
推出	谓语
受到	谓语
热烈好评	宾语
------------------
原文:我从本科开始就经常订外卖解决午餐和晚餐，那时候外卖行业竞争激烈，有很多折扣活动，能用较低廉的价格满足我们对美食的需求nannannannannannan
事件:['满足->我们对美食的需求', '能用->低', '我->有']
模型抽取词语:
我	主语
有	谓语
能用	主语
低	谓语
满足	谓语
我们对美食的需求	宾语
------------------
原文:武汉的交通和人才优势已是众所周知，对于投资者更看重的是:武汉新近推出的招商引资一号工程、资智回汉等政策举措，这样的制度红利正成为吸引投资者的关键所在nannannannannannan
事件:['看重的->是', '成为->吸引->投资者的关键所在', '武汉的交通和人才优势->是->众所周知', '这样的制度->红利']
模型抽取词语:
武汉的交通和人才优势	主语
是	谓语
众所周知	宾语
看重的	主语
是	谓语
举措	谓语
这样的制度	主语
红利	谓语
成为	谓语
吸引	宾语
投资者的关键所在	宾语
------------------
原文:在福州，记者走访了融侨方圆等8家楼盘，有6家拒绝公积金贷款nannannan
事件:['记者->走访', '有6家->拒绝->公积金贷款']
模型抽取词语:
记者	主语
走访	谓语
有6家	主语
拒绝	谓语
公积金贷款	宾语
------------------
原文:位于沈阳近郊的地产项目，新近认筹时推出“住宅理财产品”概念，核心即是买房返利，nan
事件:['推出->“住宅理财产品”概念', '位于->沈阳近郊的地产项目']
模型抽取词语:
位于	谓语
沈阳近郊的地产项目	宾语
推出	谓语
“住宅理财产品”概念	宾语
核	谓语
是	谓语
------------------
原文:极简风格的游戏往往会让人眼前一亮，想必即将推出的《PUSH》也会让我们好好地欣赏一回，这是一款简约的立体休闲益智游戏nannannannannannan
事件:['我们->一回', '是->一款简约的立体休闲益智']
模型抽取词语:
推出	谓语
我们	主语
一回	谓语
是	谓语
一款简约的立体休闲益智	宾语
------------------
原文:这个7月和信贷将携手去哪儿网，推出“你旅游，我买单”主题活动，力争实现品牌联合曝光nannannannannannannan
事件:['推出->“你旅游，我买单”主题活动']
模型抽取词语:
儿网	宾语
推出	谓语
“你旅游，我买单”主题活动	宾语
实现	谓语
------------------
原文:IP需要时间和历史的积淀，明年就有五十年历史的奥特曼IP无疑是一个潜力无穷的大金矿，另一方面，奥特曼保卫地球，与怪兽作战的题材非常适合被改编成手游，而扬讯科技看到了奥特曼IP的潜力，并进行发掘nannannannannannannannan
事件:['奥特曼IP->是->一个潜力无穷的大金矿', '看到->奥特曼IP的潜力', '编成->手游', '与怪兽作战的题材->适合']
模型抽取词语:
奥特曼IP	主语
是	谓语
一个潜力无穷的大金矿	宾语
与怪兽作战的题材	主语
适合	谓语
编成	谓语
手游	宾语
看到	谓语
奥特曼IP的潜力	宾语
进行	谓语
发掘	谓语
------------------
原文:80法则告诉我们：年龄越大，就越要减少高风险项目的投资比例，从对收益的追求转向对本金的保障nannannan
事件:['减少->高风险项目的投资比例', '年龄->大', '80法->告诉->我们']
模型抽取词语:
80法	主语
告诉	谓语
我们	宾语
年龄	主语
大	谓语
减少	谓语
高风险项目的投资比例	宾语
从	谓语
追求	谓语
转	谓语
------------------
原文:根据FactSet的数据，460家公布了第三季度业绩的标准普尔500指数，2017年第三季度的总利润增长了8%，高于预期的5.9%nannannannannannannan
事件:['根据->FactSet的数据', '高于->预期的5.9%', '460家->公布', '第三季度->增长->8%']
模型抽取词语:
根据	谓语
FactSet的数据	宾语
460家	主语
公布	谓语
第三季度	主语
增长	谓语
8%	宾语
高于	谓语
预期的5.9%	宾语
------------------
原文:中国对外投资年均增长了27.2%，现在已经成为世界第二的对外投资国家nannannannannannan
事件:['成为->世界第二的对外投资国家', '增长->27.2%']
模型抽取词语:
增长	谓语
27.2%	宾语
成为	谓语
世界第二的对外投资国家	宾语
------------------
原文:阿里巴巴中国内贸事业部产品负责人岑文初介绍，自从核身计划启动以来，已有400多万的社交电商从业者进行了实名身份核身认证，网站将对其按微供市场体系进行分层细化，并提供不同的服务支持nannannannannannannan
事件:['提供->不同的服务支持', '网站->按->微供市场体系', '有->400多万的社交电商', '进行->实名身份核身认证']
模型抽取词语:
负责	宾语
介绍	谓语
启动	谓语
有	谓语
400多万的社交电商	宾语
进行	谓语
实名身份核身认证	宾语
网站	主语
按	谓语
微供市场体系	宾语
进行	谓语
提供	谓语
不同的服务支持	宾语
------------------
原文:案发后，汤某的亲属代其赔偿了黄某的全部经济损失，并取得被害人的书面谅解nannannannannan
事件:['取得->被害人的书']
模型抽取词语:
损失	谓语
取得	谓语
被害人的书	宾语
谅解	谓语
------------------
原文:随着互联网金融的发展，p2p网贷成为主要的理财渠道nannannannannannannan
事件:['互联网金->发展->主要的理财渠道']
模型抽取词语:
互联网金	主语
发展	谓语
主要的理财渠道	宾语
------------------
原文:这款新设备可以帮助亚马逊在包括视频聊天和在线购物等更多领域提升和改进Echo的功能，这也使得该设备成为居家生活的必备之物nannannannan
事件:['该设备->成为->居家生活的必备->之物', '助亚->在']
模型抽取词语:
这款新设备	主语
助亚	主语
在	谓语
提升	谓语
该设备	主语
成为	谓语
居家生活的必备	宾语
之物	宾语
------------------
原文:该公司最近在英国推出了一款全新白色的扬声器，与最初的黑色机型一同亮相nannannannannannan
事件:['该公司->推出->一款全新白色的扬声器']
模型抽取词语:
该公司	主语
推出	谓语
一款全新白色的扬声器	宾语
亮相	谓语
------------------
原文:豫能控股表示，此次投资目的是为了利用晋中南铁路沿线的煤炭资源，开展煤炭贸易经营业务，保障公司所管理电厂的煤炭供nan
事件:['此次投资目的->开展->煤炭贸易经营业务', '豫能控股->表示']
模型抽取词语:
豫能控股	主语
表示	谓语
此次投资目的	主语
开展	谓语
煤炭贸易经营业务	宾语
保障	谓语
------------------
原文:近日，由上海赛驷网络科技有限公司倾力打造的移动娱乐直播平台“暖暖直播”推出优惠周活动nannannannannannan
事件:['推出->优惠周活动']
模型抽取词语:
打造	谓语
推出	谓语
优惠周活动	宾语
------------------
原文:昨天首都机场警方对一名替陌生人托带行李的旅客予以1500元的罚款处罚nannannannannannan
事件:['旅客->1500元的罚款']
模型抽取词语:
行李	宾语
旅客	主语
1500元的罚款	宾语
------------------
原文:罗马帝国的灭亡，其外部原因是蛮族的入侵，蛮族入侵西罗马帝国后，在欧洲各地攻城略地，为了动员足够多的资源，蛮族开始普遍采取分封制与采邑制，即部落领主（后来的国王）将掠夺来的土地分封给其家臣，以交换其忠诚与军事支持nannannannannannannan
事件:['蛮族->采取->分封制与采邑制', '蛮族->入侵->西罗', '落领->其家臣', '动员->够多的资源']
模型抽取词语:
罗马帝国的灭亡	宾语
是	谓语
蛮族	主语
入侵	谓语
西罗	宾语
动员	主语
够多的资源	宾语
蛮族	主语
采取	谓语
分封制与采邑制	宾语
落领	谓语
其家臣	宾语
交换	主语
------------------
原文:人均收入的提高使得人们能够有更多可支配收入用于制成品与其他休闲产品，这刺激了纺织、家具等产业的发展，而这些轻工业的发展正是第一次工业革命赖以发生的基础nannannannannan
事件:['是->生的基础', '这些轻工业->发展', '人们->有->更多可支配', '人均收入->提高']
模型抽取词语:
人均收入	主语
提高	谓语
人们	主语
有	谓语
更多可支配	宾语
收入	谓语
刺激	谓语
纺织	谓语
这些轻工业	主语
发展	谓语
是	谓语
生的基础	宾语
------------------
原文:那么网络社交媒体的优势是灵活，传统方式举行的活动一般是大型活动，成本较高，需要大量专业人员支持，而网络社交媒体举办的线上活动可以很简便，推广起来也很轻松nannannannan
事件:['是->灵活', '成本->高', '传统方式举行的活动->是->大型活动', '大量专业人员->支持', '网络社交媒体->简便']
模型抽取词语:
是	谓语
灵活	宾语
传统方式举行的活动	主语
是	谓语
大型活动	宾语
成本	主语
高	谓语
大量专业人员	主语
支持	谓语
网络社交媒体	主语
简便	谓语
推广	谓语
------------------
原文:而且目前月收入在5000元以下的网民中，至少2.4亿人没有信用卡，他们全都是现金贷的潜在用户nannan
事件:['没有->信用卡', '他们->是->现金贷的潜在用户']
模型抽取词语:
在	谓语
没有	谓语
信用卡	宾语
他们	主语
是	谓语
现金贷的潜在用户	宾语
------------------
原文:多位客服人员表示：“因为‘双十一’集中消费的原因，确实调高了客户可申请的临时额度，除了收到提额短信的客户，其他客户也可通过官网、手机客户端、微信公众号等途径快速申请nannannannannannan
事件:['多位客服人员->表示->客户可申请的临时额度', '收到->提额->短信的客户']
模型抽取词语:
多位客服人员	主语
表示	谓语
客户可申请的临时额度	宾语
收到	谓语
提额	宾语
短信的客户	宾语
申请	谓语
------------------
原文:近年国漫势头不断走高，国产漫画文化走出国门的脚步大踏前进的驱动下，二次元漫画《西游少年阿空传》被三次元影视出品公司真合时代看中并迅速推进，使其在国漫圈抢位成功，《西游少年阿空传》有望影视化nannan
事件:['在国漫圈->抢位', '走高->国门的脚步->品公司', '代看中->推进']
模型抽取词语:
走高	谓语
国门的脚步	宾语
品公司	宾语
代看中	主语
推进	谓语
在国漫圈	主语
抢位	谓语
------------------
原文:其产品都是由专业的资产提供方进行推荐，所有资产都有经过严格的风控审核nannannannannannan
事件:['是->由专业的资产提', '所有资产->有->经过严格的风控审核']
模型抽取词语:
是	谓语
由专业的资产提	宾语
推荐	谓语
所有资产	主语
有	谓语
经过严格的风控审核	宾语
------------------
原文:按照一般的惯例，封臣的军事义务一般仅限于每年免费为其领主提供40天的军事支持，但是许多战争往往持续数月，甚至是数年，因此国王们开始雇佣专业的骑士为其征战nannannannan
事件:['提供->40天的军事支持', '封臣的军事义务->限于', '许多战争->数月', '为->其征战']
模型抽取词语:
按照	宾语
封臣的军事义务	主语
限于	谓语
提供	谓语
40天的军事支持	宾语
是	谓语
许多战争	主语
数月	谓语
是	谓语
为	谓语
其征战	宾语
------------------
原文:《奇迹暖暖》是一款由苏州叠纸网络开发、腾讯游戏代理的换装养成手游nannannannannannannannan
事件:['是->一款由苏州叠纸网络->腾讯游戏代理的换装养']
模型抽取词语:
是	谓语
一款由苏州叠纸网络	宾语
腾讯游戏代理的换装养	宾语
手游	宾语
------------------
原文:小平台被淘汰，头部平台依旧深受资本青睐，直播行业下一步的发展方向成为行业关注的焦点nannannannannannannan
事件:['成为->行业关注的焦点', '小平台->深受->资本青睐']
模型抽取词语:
小平台	主语
深受	谓语
资本青睐	宾语
成为	谓语
行业关注的焦点	宾语
------------------
原文:互联网+信用卡的玩法不断翻新，越来越多的银行开始牵手互联网企业，尝试更多的信用卡场景化消费nannannan
事件:['越来->越多的银行->尝试']
模型抽取词语:
翻新	谓语
越来	主语
越多的银行	主语
尝试	谓语
------------------
原文:在民警的帮助下，这笔汇错的42600元钱，又被转回了卖家的支付宝账户里，卖家对蒋师傅“拾”金不昧表示感激，并发给蒋师傅100元红包，而没有遭遇诈骗的蒋师傅，也去除了一块心病nannan
事件:['家对蒋师->“拾”金->不', '被转回->卖家的支付宝账户里', '遭遇->诈骗的蒋师傅', '发给蒋师->傅->100元红包', '民警->帮助', '这笔->42600元钱']
模型抽取词语:
民警	主语
帮助	谓语
这笔	主语
42600元钱	宾语
被转回	谓语
卖家的支付宝账户里	宾语
卖	谓语
家对蒋师	主语
“拾”金	主语
不	谓语
表示	谓语
发给蒋师	主语
傅	谓语
100元红包	宾语
没有	谓语
遭遇	谓语
诈骗的蒋师傅	宾语
去	谓语
除	谓语
------------------
原文:贷款支持的往往是矿业及房地产等中国政府希望去产能的行业nannannannannan
事件:['中国政府->产能的行业']
模型抽取词语:
是	谓语
中国政府	主语
产能的行业	宾语
------------------
原文:由于生活节奏过快，人们甚少能扩展自己的交友圈，这也使得越来越多的人选择通过婚恋交友平台寻找帮助nan
事件:['人们->扩展->自己的交友圈', '越多的人->帮助']
模型抽取词语:
人们	主语
扩展	谓语
自己的交友圈	宾语
越多的人	主语
帮助	谓语
------------------
原文:截至今年10月31日，港股通三年以来累计成交33270亿港元，为港股市场带来了6375亿港元淨资金流入，内地投资者利用港股通投资港股的持股金额已达8088亿港元，较2016年底增长一倍以上nannan
事件:['增长->一倍', '内地投资者->利用->088亿港元', '计成交->带来->6375亿港元淨资金流入']
模型抽取词语:
计成交	主语
带来	谓语
6375亿港元淨资金流入	宾语
内地投资者	主语
利用	谓语
088亿港元	宾语
增长	主语
一倍	宾语
以	谓语
------------------
原文:正因如此，很多理性投资者会选择专业的投资顾问平台作为专业知识的补充，大连华讯即是投资顾问平台的典型代表nannannannannan
事件:['很多理性投资者->选择', '大连华讯->是->投资顾问平台', '作为->专业知识']
模型抽取词语:
很多理性投资者	主语
选择	谓语
作为	谓语
专业知识	宾语
大连华讯	主语
是	谓语
投资顾问平台	宾语
------------------
原文:沪深港通的开通，让投资者首次在不改变本地市场交易习惯的原则下，方便快捷地直接参与对方市场nannannannan
事件:['原则->参与', '不改变本->市场交易习惯', '投资者->在']
模型抽取词语:
沪深港	主语
投资者	主语
在	谓语
不改变本	谓语
市场交易习惯	宾语
原则	主语
参与	谓语
------------------
原文:双方将通过优势互补搭建合作平台，推动渠道发展、宣传推介、产品销售及金融服务等方面的全面合作nannannan
事件:['双方->通过->优势->合作平台']
模型抽取词语:
双方	主语
通过	谓语
优势	宾语
合作平台	宾语
推介	谓语
合作	谓语
------------------
原文:而以网易旗下的《梦幻西游》、《大话西游》在线突破100万为标志，回合制网游市场正式引发了人们的关注nannannannannannannan
事件:['引发->人们的关注', '《大话西游》->突破->100万为标志']
模型抽取词语:
网易	主语
《大话西游》	主语
突破	谓语
100万为标志	宾语
回合	谓语
引发	谓语
人们的关注	宾语
------------------
原文:自2016年开始合作后，京东到家帮助入驻的沃尔玛门店实现全部O2O到家服务的接入和保障工作，用户只需要在京东到家上下单，便能够享受京东到家独有的“1小时送货上门”服务，既省时又放心nannannannannannan
事件:['用户->在', '京东到家->实现']
模型抽取词语:
京东到家	主语
实现	谓语
用户	主语
在	谓语
下单	谓语
享受	谓语
放心	谓语
------------------
原文:同时，保险中介市场格局将不断优化，保险代理、经纪、公估机构向专业领域深化发展，提高中介机构服务保险消费者的能力nan
事件:['保险代理、经纪、公估机构->提高->中介机构服务保险消费者的能力', '保险中介市场格局->优化']
模型抽取词语:
保险中介市场格局	主语
优化	谓语
保险代理、经纪、公估机构	主语
提高	谓语
中介机构服务保险消费者的能力	宾语
------------------
原文:有了电视淘宝的AI图像检索技术，这个愿望就能够轻易实现nannannannannan
事件:['这个愿->轻易实现']
模型抽取词语:
这个愿	主语
轻易实现	宾语
------------------
原文:奢侈品拥抱互联网，并不是奢侈品+电商，互联网革命的兴起，极大程度上丰富了商业形态，并将服务远程直达用户nannannannannan
事件:['互联网革命->兴起->商业形态', '不是->奢侈品+电商']
模型抽取词语:
互联网	宾语
不是	谓语
奢侈品+电商	宾语
互联网革命	主语
兴起	谓语
商业形态	宾语
服务远程	主语
------------------
原文:另外，在受众年龄还比较低的时候，就已经能为它们付费，粉丝黏性是经过市场验证的nannan
事件:['是->经过市场验证的', '粉丝->黏性']
模型抽取词语:
众年龄	主语
粉丝	主语
黏性	谓语
是	谓语
经过市场验证的	宾语
------------------
原文:而人气漫画改编真人剧如果过分追求还原度，很容易出现粉丝买账、大众懵逼的现象nannannan
事件:['人剧->出现']
模型抽取词语:
人气漫画	主语
人剧	主语
出现	谓语
------------------
原文:这就是华讯投资于其他投顾平台的不同，某投资者认为，“其他平台都还依然停留在‘授人以鱼’的层面，而华讯投资则是授人以渔’，传授方法比直接给出答案更加专业nannannannannan
事件:['华讯投资->不同', '认为->停留', '传授方法->给出']
模型抽取词语:
是	谓语
华讯投资	主语
不同	谓语
认为	谓语
停留	宾语
是	谓语
传授方法	主语
给出	谓语
------------------
原文:随着央行连续降息，银行理财产品收益率的季末优势、节日优势渐渐消退nannannannannannannannan
事件:['银行理->财产品收益率的季末优势']
模型抽取词语:
央行	主语
银行理	主语
财产品收益率的季末优势	宾语
------------------
原文:今年5月开始，王志迷上了赌博游戏，急需一笔钱，在向亲友借完一圈之后，他想到了网络借贷这一途径，于是向蚂蚁借呗、钱包贷、51零用钱、拍拍贷等平台同时借了500—5000元不等的金额nannannannannannannan
事件:['借->完一圈', '他->想到', '借->500—5000元不等的金额', '网络->是', '王志->赌博游戏->钱']
模型抽取词语:
王志	主语
赌博游戏	宾语
钱	宾语
借	谓语
完一圈	宾语
他	主语
想到	谓语
网络	主语
是	谓语
借	谓语
500—5000元不等的金额	宾语
------------------
原文:“上半年因为营改增价税分离，银行业整体营业收入要保持正增长是比较难的nannannannannannan
事件:['增长->是->比较难的']
模型抽取词语:
业整体营业收入	主语
增长	主语
是	谓语
比较难的	宾语
------------------
原文:然而，你很可能因为不知道“这个牌子”是什么而错过心仪的商品nannannan
事件:['是->心仪的商品', '你->不知道->“这个牌子”']
模型抽取词语:
你	主语
不知道	谓语
“这个牌子”	宾语
是	谓语
心仪的商品	宾语
------------------
原文:陆某先后到珠海和重庆做生意，均因无合法身份而导致失败nannannannannannan
事件:['做->生意']
模型抽取词语:
做	谓语
生意	宾语
无合	谓语
------------------
原文:绿色金融上升为国家战略，为环保产业的发展提供了新一轮的政策驱动，环保产业拥有了资本导向的驱动杠杆nannannannannannannannan
事件:['提供->新一轮的政策驱动', '环保产业->发展', '绿色金融->国家战略', '环保产业->拥有->资本导向的驱动']
模型抽取词语:
绿色金融	主语
国家战略	宾语
环保产业	主语
发展	谓语
提供	谓语
新一轮的政策驱动	宾语
环保产业	主语
拥有	谓语
资本导向的驱动	宾语
------------------
原文:出游需求大幅增加的同时，各旅游平台也迎来了更广泛的商机nannannannannan
事件:['各旅游平台->迎来->更广泛的商机']
模型抽取词语:
增加	谓语
各旅游平台	主语
迎来	谓语
更广泛的商机	宾语
------------------
原文:李女士开始大量“投资”，前后将27万元通过发来的二维码扫描转账都转给对方nannannannan
事件:['李女士->大']
模型抽取词语:
李女士	主语
大	谓语
转	谓语
------------------
原文:有些大学生急于用钱，却不好意思向父母开口要，于是在毫无甄别能力的情况下，上网寻求解决渠道nannannannan
事件:['是->在毫无甄别能力->解决渠道', '有些大学生->急于->意思向父母开口要']
模型抽取词语:
有些大学生	主语
急于	谓语
意思向父母开口要	宾语
是	谓语
在毫无甄别能力	宾语
解决渠道	宾语
------------------
原文:而销售人员表示，如果考虑到买房人将购买房产用于出租，以及所获返利用于理财，最高收益可接近100%nannannannannannannannan
事件:['表示->房人', '购买->100%']
模型抽取词语:
表示	谓语
房人	宾语
购买	谓语
100%	宾语
------------------
原文:不需要任何人帮忙，我们在看剧、看电影，甚至看动漫时发现了任何感兴趣的东西，都可以“问”电视淘宝nan
事件:['我们->看剧->电影->任何感兴趣的东西']
模型抽取词语:
我们	主语
看剧	谓语
电影	宾语
任何感兴趣的东西	宾语
------------------
原文:如何最大化提高p2p投资的回报率成为网贷投资界关注的焦点，而绿麻雀网贷系统作为金融系统研发领域的领头军，通过借鉴电商返利模式，推出了一款p2p网贷返利系统，为网贷理财市场注入了新鲜血液nannannannan
事件:['通过->借鉴电商返利模式', '网贷理财市场->注入', '成为->网贷投资界关注的焦点', '推出->一款p2p网贷返利系统', '绿麻雀网贷系统->作为->金融系统研发领域的领头军']
模型抽取词语:
提高	谓语
成为	谓语
网贷投资界关注的焦点	宾语
绿麻雀网贷系统	主语
作为	谓语
金融系统研发领域的领头军	宾语
通过	谓语
借鉴电商返利模式	宾语
推出	谓语
一款p2p网贷返利系统	宾语
网贷理财市场	主语
注入	谓语
------------------
原文:本次事故出险后进我公司核查，原告的车辆是在顺风车运营期间发生的事故，那么根据保险条款的约定，原告投保的车辆性质为家庭自用车，原告改变车辆使用性质而没有告知保险人，属于相应的免责事项nannannannannannan
事件:['原告投保->为->家庭自用车', '属于->相应的免责事', '根据->保险条款的约定', '是->在顺风车运营期间发生的事故', '改变->车辆使用性质']
模型抽取词语:
是	谓语
在顺风车运营期间发生的事故	宾语
根据	谓语
保险条款的约定	宾语
原告投保	主语
为	谓语
家庭自用车	宾语
改变	谓语
车辆使用性质	宾语
没有	谓语
属于	谓语
相应的免责事	宾语
------------------
原文:通过交易总量过境、结算净量过境的独特创新，两地市场可以在充分保留各自市场监管规则、市场结构和交易习惯的前提下实现完全市场化的交易互联互通，以最小的制度成本为内地资本市场取得了最大效果的开放，也大大提升了香港作为国际金融中心的吸引力nannannannannan
事件:['通过->交易总量过境、结算净量过境', '提升->香港作', '两地市场->各自市场监管规则', '取得->最大效果']
模型抽取词语:
通过	谓语
交易总量过境、结算净量过境	宾语
两地市场	主语
各自市场监管规则	宾语
实现	谓语
取得	谓语
最大效果	宾语
提升	谓语
香港作	宾语
------------------
原文:三季度商业银行关注类贷款占比为3.56%，且绝对规模仍相对较大，其下迁压力不容忽视nannannannannannannan
事件:['业银行关注类贷款占比->为->3.56%', '大->压力']
模型抽取词语:
业银行关注类贷款占比	主语
为	谓语
3.56%	宾语
大	谓语
压力	宾语
不容	谓语
忽视	谓语
------------------
原文:工行本次推出的触屏版手机网站设计采用了全新的HTML5技术，引入了标签、图片、表格等多元化展示要素，界面设计更加简洁、便于手指触屏操作，还实现了页面自适应设计，为客户提供不同尺寸大小智能手机终端的一致性体验nan
事件:['采用->全新的HTML5技术', '客户->提供', '引入->标签、图片、表格等多元化展示']
模型抽取词语:
推出	谓语
设计	谓语
采用	谓语
全新的HTML5技术	宾语
引入	谓语
标签、图片、表格等多元化展示	宾语
设计	谓语
实现	谓语
客户	主语
提供	谓语
寸大	谓语
------------------
原文:在这之中，民生加银资管下降明显，规模减少851亿元，排名下降四位nannannannannannannannan
事件:['下降->明显', '规模->减少->851亿元']
模型抽取词语:
下降	谓语
明显	宾语
规模	主语
减少	谓语
851亿元	宾语
下降	谓语
------------------
原文:艾瑞网2014年12月发布的报告显示，近几年中国社交视频行业用户规模将以30%左右的增速发展，并预测到2016年，中国社交视频将涵盖超过3亿人nan
事件:['预测->超过3亿人', '中国社交视频行业用户规模->以->30%左右的增速']
模型抽取词语:
显示	谓语
中国社交视频行业用户规模	主语
以	谓语
30%左右的增速	宾语
发展	谓语
预测	谓语
超过3亿人	宾语
------------------
原文:虽然“营改增”一方面降低了银行的营收，但另一方面更加降低了部分银行的税收负担，因此对一部分银行来说有助于提升净利润nannannannannannannan
事件:['有->助于提升净利', '降低->银行的营收']
模型抽取词语:
降低	谓语
银行的营收	宾语
加降	谓语
负担	谓语
有	谓语
助于提升净利	宾语
------------------
原文:对于游戏厂商来说，线上海选、线下比赛，线上线下结合提高用户参与度，利于增加用户渗透率，扩大用户量和提高用户活跃nan
事件:['扩大->用户量和提高', '线上海选、线下比赛->线上线下结合->提高->用户参与度', '利于->增加->用户渗透率', '对于->说']
模型抽取词语:
对于	谓语
说	宾语
线上海选、线下比赛	主语
线上线下结合	主语
提高	谓语
用户参与度	宾语
利于	谓语
增加	宾语
用户渗透率	宾语
扩大	谓语
用户量和提高	宾语
------------------
原文:金融监管规范了同业、非标等业务，政策落地后我们预计收益率曲线继续陡峭化，逐步回归到4Q16前的水平，推动NIM继续提升nannannannannan
事件:['政策->落地', '回归->4Q16前的水平']
模型抽取词语:
同业、非标等业务	宾语
政策	主语
落地	谓语
预计	谓语
峭化	谓语
回归	谓语
4Q16前的水平	宾语
提升	谓语
------------------
原文:河南省信阳市商城县新闻中心通报了一起伤害案件，两名犯罪嫌疑人因纠纷持刀将一火锅店老板等三人砍伤，其中一人经抢救无效死亡nannannannannan
事件:['两名犯罪嫌疑->中一人->无效死亡', '通报->一起伤害案']
模型抽取词语:
通报	谓语
一起伤害案	宾语
两名犯罪嫌疑	主语
中一人	主语
无效死亡	宾语
------------------
原文:8月底以来A/H银行股向下调整3.2/1.6%，远未完成估值切换，过去十年四季度A股银行指数平均上涨7.9%，仅08和13年两年出现负增长nannannan
事件:['出现->负增长', 'A股银行指数平->上涨->7.9%', '远未完成估值->切换']
模型抽取词语:
远未完成估值	主语
切换	谓语
A股银行指数平	主语
上涨	谓语
7.9%	宾语
出现	谓语
负增长	宾语
------------------
原文:这是一款让强迫症患者舒爽无比的游戏，规则的立体上安置着风格各异的按钮，上面还画着不知所谓的图形，按下后，机关就能作出反应nannannannan
事件:['是->一款->无比的游戏']
模型抽取词语:
是	谓语
一款	宾语
无比的游戏	宾语
规则	谓语
安置	谓语
按钮	谓语
机关	主语
------------------
原文:通过一系列统计分析后，作者发现是否发生战争对城市人口有显著影响，平均而言，每发生一次战争，城市人口将增加11%nan
事件:['通过->一系列统计分析后', '作者发现->是', '对城市人口->影响', '城市人口->增加->11%']
模型抽取词语:
通过	谓语
一系列统计分析后	宾语
作者发现	主语
是	谓语
对城市人口	主语
影响	宾语
城市人口	主语
增加	谓语
11%	宾语
------------------
原文:上文提到自罗马帝国崩溃后，欧洲再也没有出现一个统一的政治实体，众多割据一方的政治势力相互攻伐，给欧洲民众带来了深重的灾难nannannannan
事件:['相互->攻伐', '众多->割据一方的政治势', '提到->自罗', '出现->一个统一的政治实体']
模型抽取词语:
提到	谓语
自罗	宾语
没有	谓语
出现	谓语
一个统一的政治实体	宾语
众多	谓语
割据一方的政治势	宾语
相互	谓语
攻伐	宾语
欧洲民	主语
------------------
原文:第24条：经营者利用广告或者其他方法，对商品作引人误解的虚假宣传的，监督检查部门应当责令停止违法行为，消除影响，可以根据情节处以一万元以上二十万元以下的罚款nannan
事件:['处以->一万元以上二十万元以下的罚款', '消->除', '营者->利用->广告或者其他方法', '监督检查部门->责令->停止->违法行为']
模型抽取词语:
第24条	宾语
营者	主语
利用	谓语
广告或者其他方法	宾语
监督检查部门	主语
责令	谓语
停止	宾语
违法行为	宾语
消	主语
除	谓语
处以	谓语
一万元以上二十万元以下的罚款	宾语
------------------
原文:然而，近年来，社会科学家却发现，人类文明正是历经瘟疫、战争与饥荒才得以浴火重生，学者认为欧洲之所以能够在近代脱颖而出，正是由于其受到了更多的磨难，而爱好和平、国富民强的古代中国却因太过安逸，最终在历史的长跑中败下阵来nannannannan
事件:['受到->更多的磨难', '爱好和平、国富民->中国->太过->安逸', '学者->认为', '社会科学家->发现']
模型抽取词语:
社会科学家	主语
发现	谓语
是	谓语
学者	主语
认为	谓语
在	谓语
而出	谓语
是	谓语
受到	谓语
更多的磨难	宾语
爱好和平、国富民	主语
中国	主语
太过	谓语
安逸	宾语
在	谓语
跑中	主语
------------------
原文:数据显示，京东金融已经累计服务3.6亿个人用户，每天可产生超过200TB的数据量，基于深度学习的方法，搭建30000用户标签，这些标签涵盖用户的互联网行为、消费行为、金融行为等等因此能够服务各行各业的企业客户nannannannannannannannan
事件:['搭建->30000用户标', '基于->深度学习的方法', '京东金融->服务->超过->200TB的数据量']
模型抽取词语:
显示	谓语
京东金融	主语
服务	主语
超过	谓语
200TB的数据量	宾语
基于	谓语
深度学习的方法	宾语
搭建	谓语
30000用户标	宾语
这些标	主语
------------------
原文:曾伏虎在接受记者访时表示，京东房产整合了多个房产平台、网络营销工具和房产企业，包括开发商与京东直接合作，形成的品牌直营合作模式；代理商与京东合作的京东联营模式；以及开发商、代理商、京东共同打造的多方联营模式nan
事件:['与京东->合作', '京东房产->整合', '打造->多方联营模式', '形成->品牌直营合作模式->京东联营模式']
模型抽取词语:
表示	谓语
京东房产	主语
整合	谓语
营销	谓语
开发	谓语
与京东	主语
合作	谓语
形成	谓语
品牌直营合作模式	宾语
京东联营模式	宾语
打造	谓语
多方联营模式	宾语
------------------
原文:可我们发现，国内的漫改作品过去多由知名日漫改编，鲜有国内原创漫画的身影nannannannannan
事件:['我们->发现']
模型抽取词语:
我们	主语
发现	谓语
国内的漫改作品	主语
------------------
原文:综上，法院认定王某某死亡属于本案保险合同约定的“意外身故”保险事故，被告应依约支付保险赔偿金nannan
事件:['被告->支付->保险赔偿金', '属于->本案->“意外身故”保险事故', '法院->认定']
模型抽取词语:
法院	主语
认定	谓语
属于	谓语
本案	宾语
“意外身故”保险事故	宾语
被告	主语
支付	谓语
保险赔偿金	宾语
------------------
原文:透视法的创始人马萨乔就是在他的资助下对绘画技巧进行了彻底的改革，乔凡尼·美蒂奇出资修建的花之圣母，在样式及结构上都实现了划时代的创新，影响欧美建筑500余年，至今仍是佛罗伦萨的象征nannannannannannan
事件:['实现->划时代的创新', '乔凡尼·美蒂奇出资->修建->花之圣母', '绘画技巧->进行']
模型抽取词语:
绘画技巧	主语
进行	谓语
乔凡尼·美蒂奇出资	主语
修建	谓语
花之圣母	宾语
实现	谓语
划时代的创新	宾语
影响	谓语
------------------
原文:庭审最后，保险公司一方拒绝接受法庭调解，本案没有当庭宣判nannannannan
事件:['保险公司->拒绝', '本案->没有->当庭宣判']
模型抽取词语:
保险公司	主语
拒绝	谓语
受	谓语
本案	主语
没有	谓语
当庭宣判	宾语
------------------
原文:现代经济史学家通过实证研究发现，工业革命以前的人类社会，人均收入确实只有有限的提高，也就是说工业革命之前的人类社会几乎是一个停滞的社会nannannannannan
事件:['通过->实证', '人->人均收入->有', '工业革命->以']
模型抽取词语:
通过	谓语
实证	宾语
发现	谓语
工业革命	主语
以	谓语
人	主语
人均收入	主语
有	谓语
有	谓语
是	谓语
是	谓语
------------------
原文:七夕来临，国内知名婚恋相亲网站珍爱网联合全球领先的职场社交平台领英对职场白领进行线上抽样调查nannan
事件:['联合->全球领先的职场社交平台领英', '进行->线上抽样调查']
模型抽取词语:
来临	谓语
珍爱	谓语
联合	谓语
全球领先的职场社交平台领英	宾语
进行	谓语
线上抽样调查	宾语
------------------
原文:在日本，漫改真人影视是一个普遍现象，包括《进击的巨人》、《暗杀教室》、《寄生兽》、《四月是你的谎言》等热门漫画都曾被改编成真人电影nannannannannannannan
事件:['漫改真人影视->一个普遍现象', '改编成->真人电影', '是->你的谎言》']
模型抽取词语:
漫改真人影视	主语
一个普遍现象	宾语
包括	谓语
是	谓语
你的谎言》	宾语
被	谓语
改编成	谓语
真人电影	宾语
------------------
原文:等级高于10级的玩家，只需一键分享活动页面，就能开启幸运大礼包，获得随机送出的钻石和VIP，活动将持续到4月30日nannannannannannannan
事件:['运大->礼包', '获得->随机送->钻石和VIP', '分享->活动']
模型抽取词语:
分享	谓语
活动	宾语
运大	谓语
礼包	宾语
获得	谓语
随机送	宾语
钻石和VIP	宾语
活动	主语
------------------
原文:小孙几乎没有仔细看，点开通讯录的第一个朋友，将32000多元转了过去nannannannannannan
事件:['小孙->没有->仔细看->通讯录的第一个朋友', '32000多元->转->过去']
模型抽取词语:
小孙	主语
没有	谓语
仔细看	宾语
通讯录的第一个朋友	宾语
32000多元	主语
转	谓语
过去	宾语
------------------
原文:2015年5月28日，王某某驾驶轿车行至重庆市开县中和镇护国水库路段时，因大雨路滑等原因，致使轿车驶出道路翻坠于右侧护国水库中，王某某不幸身亡nan
事件:['翻坠->右侧护国水库中', '王某->驾驶->轿车']
模型抽取词语:
王某	主语
驾驶	谓语
轿车	宾语
滑	谓语
翻坠	谓语
右侧护国水库中	宾语
王某	主语
------------------
原文:但随着国内漫画事业的不断发展，现在的国产漫画也实现了自产自销nannan
事件:['国内漫画事业->发展', '现在的国产漫画->实现->自产自销']
模型抽取词语:
国内漫画事业	主语
发展	谓语
现在的国产漫画	主语
实现	谓语
自产自销	宾语
------------------
原文:战争加强了国家能力的另一个更直接的方式是推动了其军事技术的进步与暴力能力的提高，毕竟欧洲崛起的标志就是其不断的对外殖民，武力开疆nannannannannannannannan
事件:['欧洲崛起的标志->是->其不断', '与暴力能力->提高']
模型抽取词语:
加强	谓语
是	谓语
推动	谓语
与暴力能力	主语
提高	谓语
欧洲崛起的标志	主语
是	谓语
其不断	宾语
武力	主语
------------------
原文:CNET的报道还称，亚马逊在上周感到了紧迫感，因为谷歌表示其家用智能扬声器现在已可以识别多个用户，而目前Echo还没有这一功能nan
事件:['亚马逊->为', '没有->这一功能', '家用智能扬声器现->在->别多个用户']
模型抽取词语:
亚马逊	主语
为	谓语
表示	谓语
家用智能扬声器现	主语
在	谓语
别多个用户	宾语
没有	谓语
这一功能	宾语
------------------
原文:投资者继续消化一批业绩更新，大部分波动较大的股票都受到业绩影响nan
事件:['消化->一批业绩更新']
模型抽取词语:
投资者	主语
消化	主语
一批业绩更新	宾语
受	谓语
------------------
原文:另外，对于零售商和品牌来说，重要的是要注意年龄偏好，并相应地调整他们的购物体验，80、90与老年人相比有很大的差距，这将影响卖家销售的产品nannannan
事件:['对于->零售商', '相应->调整->他们的购物体验', '品牌->重要的->是', '与老年人->有']
模型抽取词语:
对于	谓语
零售商	宾语
品牌	主语
重要的	主语
是	谓语
相应	主语
调整	谓语
他们的购物体验	宾语
与老年人	主语
有	谓语
------------------
原文:十一黄金周和年底打折季的来临将对购物中心市场回暖起到推动作用，业主对市场的信心将进一步转好nannannan
事件:['打->折季', '回暖->推动作用']
模型抽取词语:
打	谓语
折季	宾语
来临	谓语
回暖	谓语
推动作用	宾语
业主对市场的信心	主语
------------------
原文:随着共享经济的热度不断攀升，享图书正在逐渐回归大众视野，2015年书巢诞生，2016年借书人出现，2017年摩布图书等众多创业型平台出现nannannannan
事件:['共享经济的热度->攀升', '众多创业型平台->出现', '回归->众视野']
模型抽取词语:
共享经济的热度	主语
攀升	谓语
回归	谓语
众视野	宾语
诞生	谓语
出现	谓语
众多创业型平台	主语
出现	谓语
------------------
原文:第一步是用手机号码注册会员，第二步是激活账户，也是最关键的一步nan
事件:['是->激活账户', '是->最关键的一步']
模型抽取词语:
是	谓语
是	谓语
激活账户	宾语
是	谓语
最关键的一步	宾语
------------------
